// Jest Snapshot v1, https://goo.gl/fbAQLP

exports[`Welcome component renders without explosion 1`] = `<div />`;
