// Jest Snapshot v1, https://goo.gl/fbAQLP

exports[`The core App Component should render without an error 1`] = `<section />`;
